// Jest Snapshot v1, https://goo.gl/fbAQLP

exports[`app matches the snapshot 1`] = `
<body>
  <div>
    <header
      role="banner"
    >
      <h1>
        Title
      </h1>
    </header>
    <main>
      <h2>
        Section title
      </h2>
      <p>
        Hello
      </p>
    </main>
    <footer
      role="contentinfo"
    >
      Legal Stuff
    </footer>
  </div>
</body>
`;
